\BOOKMARK [1][-]{section*.4}{\376\377\000I\000n\000t\000r\000o\000d\000u\000c\000t\000i\000o\000n}{}% 1
\BOOKMARK [2][-]{section*.5}{\376\377\000C\000o\000n\000s\000i\000s\000t\000e\000n\000c\000y\000\040\000t\000e\000s\000t\000s}{section*.4}% 2
\BOOKMARK [2][-]{section*.6}{\376\377\000P\000r\000e\000s\000e\000n\000t\000\040\000s\000t\000u\000d\000y}{section*.4}% 3
\BOOKMARK [1][-]{section*.7}{\376\377\000M\000e\000t\000h\000o\000d\000s}{}% 4
\BOOKMARK [2][-]{section*.8}{\376\377\000D\000a\000t\000a\000s\000e\000t\000s\000\040\000a\000n\000d\000\040\000P\000a\000r\000t\000i\000c\000i\000p\000a\000n\000t\000s}{section*.7}% 5
\BOOKMARK [2][-]{section*.9}{\376\377\000P\000r\000o\000c\000e\000d\000u\000r\000e}{section*.7}% 6
\BOOKMARK [2][-]{section*.10}{\376\377\000A\000n\000a\000l\000y\000s\000e\000s}{section*.7}% 7
\BOOKMARK [3][-]{section*.11}{\376\377\000C\000o\000n\000s\000i\000s\000t\000e\000n\000c\000y\000\040\000t\000e\000s\000t\000s\000\040\000o\000n\000\040\000t\000h\000e\000\040\000s\000t\000i\000m\000u\000l\000u\000s\000\040\000l\000e\000v\000e\000l}{section*.10}% 8
\BOOKMARK [3][-]{section*.15}{\376\377\000C\000o\000n\000s\000i\000s\000t\000e\000n\000c\000y\000\040\000t\000e\000s\000t\000s\000\040\000o\000n\000\040\000t\000h\000e\000\040\000s\000p\000a\000c\000e\000-\000f\000o\000r\000m\000\040\000l\000e\000v\000e\000l}{section*.10}% 9
\BOOKMARK [3][-]{section*.21}{\376\377\000R\000e\000c\000e\000i\000v\000e\000r\000\040\000O\000p\000e\000r\000a\000t\000o\000r\000\040\000C\000h\000a\000r\000a\000c\000t\000e\000r\000i\000s\000t\000i\000c\000\040\000a\000n\000a\000l\000y\000s\000e\000s}{section*.10}% 10
\BOOKMARK [1][-]{section*.24}{\376\377\000R\000e\000s\000u\000l\000t\000s}{}% 11
\BOOKMARK [2][-]{section*.25}{\376\377\000R\000O\000C\000\040\000a\000n\000a\000l\000y\000s\000e\000s}{section*.24}% 12
\BOOKMARK [2][-]{section*.26}{\376\377\000F\000u\000r\000t\000h\000e\000r\000\040\000a\000n\000a\000l\000y\000s\000e\000s}{section*.24}% 13
\BOOKMARK [1][-]{section*.27}{\376\377\000M\000e\000t\000h\000o\000d\000s\000\040\000-\000\040\000f\000u\000t\000u\000r\000e\000\040\000s\000t\000u\000d\000y}{}% 14
\BOOKMARK [1][-]{section*.28}{\376\377\000D\000i\000s\000c\000u\000s\000s\000i\000o\000n\000\040\000-\000\040\000p\000r\000e\000s\000e\000n\000t\000\040\000s\000t\000u\000d\000y}{}% 15
\BOOKMARK [2][-]{section*.29}{\376\377\000L\000i\000m\000i\000t\000a\000t\000i\000o\000n\000s}{section*.28}% 16
\BOOKMARK [2][-]{section*.30}{\376\377\000T\000o\000p\000o\000l\000o\000g\000i\000c\000a\000l\000\040\000v\000a\000l\000i\000d\000i\000t\000y}{section*.28}% 17
\BOOKMARK [2][-]{section*.31}{\376\377\000I\000n\000t\000e\000r\000m\000e\000d\000i\000a\000r\000y\000\040\000C\000o\000n\000c\000l\000u\000s\000i\000o\000n}{section*.28}% 18
\BOOKMARK [1][-]{section*.32}{\376\377\000R\000e\000f\000e\000r\000e\000n\000c\000e\000s}{}% 19
\BOOKMARK [2][-]{section*.34}{\376\377\000A\000p\000p\000e\000n\000d\000i\000x}{section*.32}% 20
